[Bootstrap]
SetupTitle=Installation
SetupText=Copie des fichiers, veuillez patienter.
CabFile=r2cggtts.2.3.6.CAB
Spawn=Setup1.exe
Uninstal=st6unst.exe
TmpDir=msftqws.pdw
Cabs=1

[Bootstrap Files]
File1=@VB6STKIT.DLL,$(WinSysPathSysFile),,,7/15/00 1:00:00 AM,101888,6.0.84.50
File2=@COMCAT.DLL,$(WinSysPathSysFile),$(DLLSelfRegister),,6/1/98 1:00:00 AM,22288,4.71.1460.1
File3=@ASYCFILT.DLL,$(WinSysPathSysFile),,,3/8/99 1:00:00 AM,147728,2.40.4275.1
File4=@OLEPRO32.DLL,$(WinSysPathSysFile),$(DLLSelfRegister),,3/8/99 1:00:00 AM,164112,5.0.4275.1
File5=@OLEAUT32.DLL,$(WinSysPathSysFile),$(DLLSelfRegister),,4/12/00 1:00:00 AM,598288,2.40.4275.1
File6=@STDOLE2.TLB,$(WinSysPathSysFile),$(TLBRegister),,6/3/99 1:00:00 AM,17920,2.40.4275.1
File7=@msvbvm60.dll,$(WinSysPathSysFile),$(DLLSelfRegister),,2/23/04 1:00:00 AM,1386496,6.0.97.82
File8=@VB6FR.DLL,$(WinSysPath),,$(Shared),10/2/00 1:00:00 AM,119568,6.0.89.88

[IconGroups]
Group0=r2cggtts
PrivateGroup0=-1
Parent0=$(Programs)

[r2cggtts]
Icon1="r2cggtts.2.3.6.exe"
Title1=r2cggtts 2.3.6
StartIn1=$(AppPath)

[Setup]
Title=r2cggtts 2.3.6
DefaultDir=$(ProgramFiles)\r2cggtts 2.3.6
AppExe=r2cggtts.2.3.6.exe
AppToUninstall=r2cggtts.2.3.6.exe

[Setup1 Files]
File1=@default.par,$(AppPath),,,7/8/05 2:09:10 PM,226,0.0.0.0
File2=@cggtts36.bat,$(AppPath),,,7/6/05 10:40:10 AM,285,0.0.0.0
File3=@run386.exe,$(AppPath),,,4/6/92 1:59:24 PM,183076,0.0.0.0
File4=@gtts36.exe,$(AppPath),,,7/6/05 10:20:58 AM,549191,0.0.0.0
File5=@VB5DB.DLL,$(WinSysPath),,$(Shared),6/18/98 1:00:00 AM,89360,6.0.81.69
File6=@msjtes40.dll,$(WinSysPathSysFile),$(DLLSelfRegister),,3/1/04 8:55:29 PM,241693,4.0.8618.0
File7=@msrepl40.dll,$(WinSysPathSysFile),,,3/1/04 8:55:35 PM,552989,4.0.8015.0
File8=@msrd3x40.dll,$(WinSysPathSysFile),$(DLLSelfRegister),,1/10/04 1:36:43 PM,315423,4.0.6508.0
File9=@msrd2x40.dll,$(WinSysPathSysFile),$(DLLSelfRegister),,1/10/04 1:36:42 PM,421919,4.0.7328.0
File10=@mswdat10.dll,$(WinSysPathSysFile),,,1/10/04 1:36:50 PM,831519,4.0.6508.0
File11=@mswstr10.dll,$(WinSysPathSysFile),,,3/18/04 8:44:51 AM,614429,4.0.6508.0
File12=@expsrv.dll,$(WinSysPathSysFile),,,1/10/04 1:37:02 PM,380957,6.0.72.9589
File13=@vbajet32.dll,$(WinSysPathSysFile),,,3/16/04 8:44:16 PM,30749,6.0.1.9431
File14=@msjint40.dll,$(WinSysPathSysFile),,,3/18/04 8:44:51 AM,184349,4.0.6508.0
File15=@msjter40.dll,$(WinSysPathSysFile),,,1/10/04 1:36:33 PM,53279,4.0.6508.0
File16=@msjet40.dll,$(WinSysPathSysFile),$(DLLSelfRegister),,3/16/04 8:44:10 PM,1507356,4.0.8618.0
File17=@dao360.dll,$(MSDAOPath),$(DLLSelfRegister),$(Shared),3/1/04 8:55:22 PM,561179,3.60.8618.0
File18=@CMDLGFR.DLL,$(WinSysPath),,$(Shared),7/13/98 1:00:00 AM,32768,6.0.81.63
File19=@COMDLG32.OCX,$(WinSysPath),$(DLLSelfRegister),$(Shared),3/9/04 1:00:00 AM,152848,6.1.97.82
File20=@TABCTFR.DLL,$(WinSysPath),,$(Shared),7/13/98 1:00:00 AM,21504,6.0.81.63
File21=@TABCTL32.OCX,$(WinSysPath),$(DLLSelfRegister),$(Shared),3/9/04 1:00:00 AM,224016,6.1.97.82
File22=@MSCOMFR.DLL,$(WinSysPath),,$(Shared),7/13/98 1:00:00 AM,13824,6.0.81.63
File23=@MSCOMM32.OCX,$(WinSysPath),$(DLLSelfRegister),$(Shared),6/24/98 1:00:00 AM,103744,6.0.81.69
File24=@RCHTXFR.DLL,$(WinSysPath),,$(Shared),7/13/98 1:00:00 AM,34304,6.0.81.63
File25=@RICHED32.DLL,$(WinSysPathSysFile),,,5/8/98 1:00:00 AM,174352,4.0.993.4
File26=@RICHTX32.OCX,$(WinSysPath),$(DLLSelfRegister),$(Shared),3/9/04 1:00:00 AM,212240,6.1.97.82
File27=@CMCT3FR.DLL,$(WinSysPath),$(DLLSelfRegister),$(Shared),7/13/98 1:00:00 AM,28672,6.0.0.8163
File28=@COMCT332.OCX,$(WinSysPath),$(DLLSelfRegister),$(Shared),3/9/04 1:00:00 AM,416528,6.7.0.9782
File29=@MSCMCFR.DLL,$(WinSysPath),,$(Shared),7/13/98 1:00:00 AM,141312,6.0.81.63
File30=@MSCOMCTL.OCX,$(WinSysPath),$(DLLSelfRegister),$(Shared),3/9/04 1:00:00 AM,1081616,6.1.97.82
File31=@DBLSTFR.DLL,$(WinSysPath),,$(Shared),7/13/98 1:00:00 AM,31232,6.0.81.63
File32=@DBLIST32.OCX,$(WinSysPath),$(DLLSelfRegister),$(Shared),3/9/04 1:00:00 AM,215312,6.1.97.82
File33=@CMCT2FR.DLL,$(WinSysPath),,$(Shared),7/13/98 1:00:00 AM,20992,6.0.80.22
File34=@COMCT232.OCX,$(WinSysPath),$(DLLSelfRegister),$(Shared),6/24/98 1:00:00 AM,164144,6.0.80.22
File35=@r2cggtts.2.3.6.exe,$(AppPath),,,7/8/05 1:47:11 PM,167936,2.3.0.5

; Il est possible de supprimer les lignes suivantes afin de libérer 
; de l'espace pour personnaliser ce fichier sur une disquette d'installation 
; complète.
; 
; XXXXXXXXXXXXXXXXXXXXXXXXXXXXXXXXXXXXXXXXXXXXXXXXXXXXXXXXXXXX
; XXXXXXXXXXXXXXXXXXXXXXXXXXXXXXXXXXXXXXXXXXXXXXXXXXXXXXXXXXXX
; XXXXXXXXXXXXXXXXXXXXXXXXXXXXXXXXXXXXXXXXXXXXXXXXXXXXXXXXXXXX
; XXXXXXXXXXXXXXXXXXXXXXXXXXXXXXXXXXXXXXXXXXXXXXXXXXXXXXXXXXXX
; XXXXXXXXXXXXXXXXXXXXXXXXXXXXXXXXXXXXXXXXXXXXXXXXXXXXXXXXXXXX
; XXXXXXXXXXXXXXXXXXXXXXXXXXXXXXXXXXXXXXXXXXXXXXXXXXXXXXXXXXXX
; XXXXXXXXXXXXXXXXXXXXXXXXXXXXXXXXXXXXXXXXXXXXXXXXXXXXXXXXXXXX
; XXXXXXXXXXXXXXXXXXXXXXXXXXXXXXXXXXXXXXXXXXXXXXXXXXXXXXXXXXXX
; XXXXXXXXXXXXXXXXXXXXXXXXXXXXXXXXXXXXXXXXXXXXXXXXXXXXXXXXXXXX
; XXXXXXXXXXXXXXXXXXXXXXXXXXXXXXXXXXXXXXXXXXXXXXXXXXXXXXXXXXXX
; XXXXXXXXXXXXXXXXXXXXXXXXXXXXXXXXXXXXXXXXXXXXXXXXXXXXXXXXXXXX
; XXXXXXXXXXXXXXXXXXXXXXXXXXXXXXXXXXXXXXXXXXXXXXXXXXXXXXXXXXXX
; XXXXXXXXXXXXXXXXXXXXXXXXXXXXXXXXXXXXXXXXXXXXXXXXXXXXXXXXXXXX
; XXXXXXXXXXXXXXXXXXXXXXXXXXXXXXXXXXXXXXXXXXXXXXXXXXXXXXXXXXXX
; XXXXXXXXXXXXXXXXXXXXXXXXXXXXXXXXXXXXXXXXXXXXXXXXXXXXXXXXXXXX
; XXXXXXXXXXXXXXXXXXXXXXXXXXXXXXXXXXXXXXXXXXXXXXXXXXXXXXXXXXXX
; XXXXXXXXXXXXXXXXXXXXXXXXXXXXXXXXXXXXXXXXXXXXXXXXXXXXXXXXXXXX
; XXXXXXXXXXXXXXXXXXXXXXXXXXXXXXXXXXXXXXXXXXXXXXXXXXXXXXXXXXXX
; XXXXXXXXXXXXXXXXXXXXXXXXXXXXXXXXXXXXXXXXXXXXXXXXXXXXXXXXXXXX
; XXXXXXXXXXXXXXXXXXXXXXXXXXXXXXXXXXXXXXXXXXXXXXXXXXXXXXXXXXXX
; XXXXXXXXXXXXXXXXXXXXXXXXXXXXXXXXXXXXXXXXXXXXXXXXXXXXXXXXXXXX
; XXXXXXXXXXXXXXXXXXXXXXXXXXXXXXXXXXXXXXXXXXXXXXXXXXXXXXXXXXXX
; XXXXXXXXXXXXXXXXXXXXXXXXXXXXXXXXXXXXXXXXXXXXXXXXXXXXXXXXXXXX
; XXXXXXXXXXXXXXXXXXXXXXXXXXXXXXXXXXXXXXXXXXXXXXXXXXXXXXXXXXXX
; XXXXXXXXXXXXXXXXXXXXXXXXXXXXXXXXXXXXXXXXXXXXXXXXXXXXXXXXXXXX
; XXXXXXXXXXXXXXXXXXXXXXXXXXXXXXXXXXXXXXXXXXXXXXXXXXXXXXXXXXXX
; XXXXXXXXXXXXXXXXXXXXXXXXXXXXXXXXXXXXXXXXXXXXXXXXXXXXXXXXXXXX
; XXXXXXXXXXXXXXXXXXXXXXXXXXXXXXXXXXXXXXXXXXXXXXXXXXXXXXXXXXXX
; XXXXXXXXXXXXXXXXXXXXXXXXXXXXXXXXXXXXXXXXXXXXXXXXXXXXXXXXXXXX
; XXXXXXXXXXXXXXXXXXXXXXXXXXXXXXXXXXXXXXXXXXXXXXXXXXXXXXXXXXXX
; XXXXXXXXXXXXXXXXXXXXXXXXXXXXXXXXXXXXXXXXXXXXXXXXXXXXXXXXXXXX
; XXXXXXXXXXXXXXXXXXXXXXXXXXXXXXXXXXXXXXXXXXXXXXXXXXXXXXXXXXXX
; XXXXXXXXXXXXXXXXXXXXXXXXXXXXXXXXXXXXXXXXXXXXXXXXXXXXXXXXXXXX
; XXXXXXXXXXXXXXXXXXXXXXXXXXXXXXXXXXXXXXXXXXXXXXXXXXXXXXXXXXXX
; XXXXXXXXXXXXXXXXXXXXXXXXXXXXXXXXXXXXXXXXXXXXXXXXXXXXXXXXXXXX
